// Jest Snapshot v1, https://goo.gl/fbAQLP

exports[`AccordionItemHeading renders correctly with min params 1`] = `
<div
  aria-controls="accordion__panel-0"
  aria-disabled={false}
  aria-expanded={false}
  className="accordion__heading"
  data-aria-control={true}
  id="accordion__heading-0"
  onClick={[Function]}
  onKeyDown={[Function]}
  role="button"
  tabIndex={0}
>
  <div>
    Fake Title
  </div>
</div>
`;
